True
True
True
True
True
1
3
False
<object>
<object>
False
False
True
False
1
3
False
